[UNHANDLED REJECTION] TypeError: this.renderQuickAccess is not a function
TypeError: this.renderQuickAccess is not a function
    at Home.init (file:///C:/Users/Diego/Documents/Proyects/yusup-client/src/assets/js/panels/home.js:34:20)

[UNHANDLED REJECTION] TypeError: this.renderQuickAccess is not a function
TypeError: this.renderQuickAccess is not a function
    at Home.init (file:///C:/Users/Diego/Documents/Proyects/yusup-client/src/assets/js/panels/home.js:34:20)

[UNHANDLED REJECTION] TypeError: this.renderQuickAccess is not a function
TypeError: this.renderQuickAccess is not a function
    at Home.init (file:///C:/Users/Diego/Documents/Proyects/yusup-client/src/assets/js/panels/home.js:34:20)

[UNHANDLED REJECTION] TypeError: this.renderQuickAccess is not a function
TypeError: this.renderQuickAccess is not a function
    at Home.init (file:///C:/Users/Diego/Documents/Proyects/yusup-client/src/assets/js/panels/home.js:34:20)

[UNHANDLED REJECTION] TypeError: this.renderQuickAccess is not a function
TypeError: this.renderQuickAccess is not a function
    at Home.init (file:///C:/Users/Diego/Documents/Proyects/yusup-client/src/assets/js/panels/home.js:34:20)

[UNHANDLED REJECTION] TypeError: this.accounts is not a function
TypeError: this.accounts is not a function
    at Settings.init (file:///C:/Users/Diego/Documents/Proyects/yusup-client/src/assets/js/panels/settings.js:16:14)
    at Launcher.createPanels (file:///C:/Users/Diego/Documents/Proyects/yusup-client/src/assets/js/launcher.js:169:25)
    at Launcher.init (file:///C:/Users/Diego/Documents/Proyects/yusup-client/src/assets/js/launcher.js:36:14)

[UNHANDLED REJECTION] TypeError: Cannot set properties of null (setting 'onclick')
TypeError: Cannot set properties of null (setting 'onclick')
    at Home.setupLauncherControls (file:///C:/Users/Diego/Documents/Proyects/yusup-client/src/assets/js/panels/home.js:1370:59)
    at Home.selectInstance (file:///C:/Users/Diego/Documents/Proyects/yusup-client/src/assets/js/panels/home.js:1322:14)

